[DATA_POINT]
1="HTTP_301"
2="tcp_connect"
3="tcp_connection_count"
4="ssl_session_new"
5="mic_recv"
6="HTTP_200"
7="tcp_shutdown"
8="HTTP_302"
[END_TRANSACTION]
1="vuser_init_Transaction"
2="login"
3="merchants"
4="https://www.gstatic.com/autofill/hourly/bins.json"
5="bins.json_Action_13"
6="https://www.gstatic.com/autofill/weekly/merchants.json"
7="https://ssl.gstatic.com/safebrowsing/csd/client_model_v5_variation_0.pb"
8="https://ssl.gstatic.com/safebrowsing/csd/client_model_v5_ext_variation_0.pb"
9="merchants.json_Action_24"
10="https://clientservices.googleapis.com/chrome-variations/seed?osname=win&channel=stable&milestone=79"
11="seed_Action_40"
12="http://demo.opencart.com/"
13="https://demo.opencart.com/catalog/view/javascript/font-awesome/fonts/fontawesome-webfont.woff2?v=4.7.0"
14="https://clients1.google.com/tbproxy/af/query?q=Chc2LjEuMTcxNS4xNDQyL2VuIChHR0xMKRMZ5YRr3Z-avlkjLWdns_4kFA=="
15="https://fonts.gstatic.com/s/opensans/v17/mem5YaGs126MiZpBA-UN7rgOUuhp.woff2"
16="https://fonts.gstatic.com/s/opensans/v17/mem8YaGs126MiZpBA-UFVZ0b.woff2"
17="https://demo.opencart.com/catalog/view/javascript/jquery/jquery-2.1.1.min.js"
18="https://demo.opencart.com/catalog/view/theme/default/stylesheet/stylesheet.css"
19="https://demo.opencart.com/catalog/view/javascript/jquery/swiper/css/swiper.min.css"
20="https://demo.opencart.com/catalog/view/javascript/common.js"
21="https://demo.opencart.com/catalog/view/javascript/jquery/swiper/css/opencart.css"
22="https://demo.opencart.com/catalog/view/javascript/bootstrap/js/bootstrap.min.js"
23="https://demo.opencart.com/catalog/view/javascript/bootstrap/css/bootstrap.min.css"
24="https://demo.opencart.com/catalog/view/javascript/font-awesome/css/font-awesome.min.css"
25="https://demo.opencart.com/catalog/view/javascript/jquery/swiper/js/swiper.jquery.js"
26="https://demo.opencart.com/"
27="https://fonts.googleapis.com/css?family=Open+Sans:400,400i,300,700"
28="https://demo.opencart.com/image/cache/catalog/demo/apple_cinema_30-200x200.jpg"
29="https://demo.opencart.com/image/cache/catalog/demo/canon_eos_5d_1-200x200.jpg"
30="https://demo.opencart.com/image/cache/catalog/demo/manufacturer/redbull-130x100.png"
31="https://demo.opencart.com/image/cache/catalog/demo/banners/iPhone6-1140x380.jpg"
32="https://demo.opencart.com/image/cache/catalog/demo/manufacturer/canon-130x100.png"
33="https://demo.opencart.com/image/cache/catalog/demo/iphone_1-200x200.jpg"
34="https://demo.opencart.com/image/cache/catalog/demo/manufacturer/dell-130x100.png"
35="https://demo.opencart.com/image/cache/catalog/demo/manufacturer/starbucks-130x100.png"
36="https://demo.opencart.com/image/cache/catalog/demo/manufacturer/sony-130x100.png"
37="https://demo.opencart.com/image/cache/catalog/demo/macbook_1-200x200.jpg"
38="https://demo.opencart.com/image/cache/catalog/demo/manufacturer/harley-130x100.png"
39="https://demo.opencart.com/image/cache/catalog/demo/manufacturer/burgerking-130x100.png"
40="https://demo.opencart.com/image/cache/catalog/demo/manufacturer/nfl-130x100.png"
41="https://demo.opencart.com/image/cache/catalog/demo/manufacturer/nintendo-130x100.png"
42="https://demo.opencart.com/image/cache/catalog/demo/manufacturer/disney-130x100.png"
43="https://demo.opencart.com/image/cache/catalog/demo/manufacturer/cocacola-130x100.png"
44="https://demo.opencart.com/image/cache/catalog/demo/banners/MacBookAir-1140x380.jpg"
45="demo.opencart.com_Action_56"
46="opencart"
47="https://clients1.google.com/tbproxy/af/query?q=Chc2LjEuMTcxNS4xNDQyL2VuIChHR0xMKRMZ5YRr3Z-avlkjLWdns_4kFBMZVyoHDriExaAjLXhvEhkkIy3OQUx6JBQ="
48="https://demo.opencart.com/index.php?route=account/login"
49="Login_Action_82"
50="Action_Transaction"
51="index.php_Action_99"
52="laptop"
53="https://demo.opencart.com/index.php?route=product/category&path=18"
54="https://demo.opencart.com/image/cache/catalog/demo/compaq_presario-182x182.jpg"
55="https://demo.opencart.com/image/cache/catalog/demo/hp_1-228x228.jpg"
56="https://demo.opencart.com/image/cache/catalog/demo/macbook_air_1-228x228.jpg"
57="https://demo.opencart.com/image/cache/catalog/demo/hp_2-80x80.jpg"
58="https://demo.opencart.com/image/cache/catalog/demo/macbook_1-228x228.jpg"
59="https://demo.opencart.com/image/cache/catalog/demo/macbook_pro_1-228x228.jpg"
60="https://demo.opencart.com/image/cache/catalog/demo/sony_vaio_1-228x228.jpg"
61="index.php_2_Action1_19"
62="price"
63="https://demo.opencart.com/index.php?route=product/category&path=18&sort=p.price&order=ASC"
64="index.php_3_Action1_32"
65="limit"
66="Action1_Transaction"
67="https://demo.opencart.com/image/cache/catalog/demo/macbook_1-47x47.jpg"
68="https://demo.opencart.com/index.php?route=product/category&path=18&sort=p.price&order=ASC&limit=50"
69="index.php_4_Action1_43"
70="tablet"
71="https://demo.opencart.com/index.php?route=product/category&path=57"
72="https://demo.opencart.com/image/cache/catalog/demo/samsung_tab_1-228x228.jpg"
73="index.php_5_Action2_19"
74="sort"
75="https://demo.opencart.com/index.php?route=product/category&path=57&sort=pd.name&order=DESC"
76="index.php_6_Action2_32"
77="Action2_Transaction"
78="logout"
79="Action3_Transaction"
80="vuser_end_Transaction"
81="https://demo.opencart.com/index.php?route=product/category&path=57&sort=pd.name&order=DESC&limit=75"
82="index.php_7_Action2_43"
83="https://demo.opencart.com/index.php?route=account/logout"
84="index.php_8_Action3_17"
